2026-03-26 15:17:41.374 | SUCCESS  | __main__:api_devices:124 - K18251 正在查詢 K25-8F 區網(176)
2026-03-26 15:17:41.381 | SUCCESS  | __main__:api_devices:142 - K18251 已查詢到 區網(176)
2026-03-26 15:17:54.881 | INFO     | __main__:api_db_list:107 - K18251 正在進入網頁，正在拉取Sidebar資訊
2026-03-26 15:17:54.923 | INFO     | __main__:get_user_state:544 - K18251 正在讀取上輪狀態點擊紀錄
2026-03-26 15:17:54.936 | SUCCESS  | __main__:api_devices:124 - K18251 正在查詢 K25-8F 區網(176)
2026-03-26 15:17:54.944 | SUCCESS  | __main__:api_devices:142 - K18251 已查詢到 區網(176)
2026-03-27 10:51:04.208 | INFO     | __main__:api_db_list:107 - K18251 正在進入網頁，正在拉取Sidebar資訊
2026-03-27 10:51:04.248 | INFO     | __main__:get_user_state:544 - K18251 正在讀取上輪狀態點擊紀錄
2026-03-27 10:51:04.262 | SUCCESS  | __main__:api_devices:124 - K18251 正在查詢 K25-8F 區網(176)
2026-03-27 10:51:04.270 | SUCCESS  | __main__:api_devices:142 - K18251 已查詢到 區網(176)
2026-03-27 10:51:09.518 | INFO     | __main__:api_db_list:107 - K18251 正在進入網頁，正在拉取Sidebar資訊
2026-03-27 10:51:09.555 | INFO     | __main__:get_user_state:544 - K18251 正在讀取上輪狀態點擊紀錄
2026-03-27 10:51:09.567 | SUCCESS  | __main__:api_devices:124 - K18251 正在查詢 K25-8F 區網(176)
2026-03-27 10:51:09.573 | SUCCESS  | __main__:api_devices:142 - K18251 已查詢到 區網(176)
2026-03-27 10:51:10.046 | INFO     | __main__:api_db_list:107 - K18251 正在進入網頁，正在拉取Sidebar資訊
2026-03-27 10:51:10.078 | INFO     | __main__:get_user_state:544 - K18251 正在讀取上輪狀態點擊紀錄
2026-03-27 10:51:10.092 | SUCCESS  | __main__:api_devices:124 - K18251 正在查詢 K25-8F 區網(176)
2026-03-27 10:51:10.096 | SUCCESS  | __main__:api_devices:142 - K18251 已查詢到 區網(176)
2026-03-27 10:51:10.203 | INFO     | __main__:api_db_list:107 - K18251 正在進入網頁，正在拉取Sidebar資訊
2026-03-27 10:51:10.234 | INFO     | __main__:get_user_state:544 - K18251 正在讀取上輪狀態點擊紀錄
2026-03-27 10:51:10.247 | SUCCESS  | __main__:api_devices:124 - K18251 正在查詢 K25-8F 區網(176)
2026-03-27 10:51:10.252 | SUCCESS  | __main__:api_devices:142 - K18251 已查詢到 區網(176)
2026-03-27 10:51:10.366 | INFO     | __main__:api_db_list:107 - K18251 正在進入網頁，正在拉取Sidebar資訊
2026-03-27 10:51:10.402 | INFO     | __main__:get_user_state:544 - K18251 正在讀取上輪狀態點擊紀錄
2026-03-27 10:51:10.416 | SUCCESS  | __main__:api_devices:124 - K18251 正在查詢 K25-8F 區網(176)
2026-03-27 10:51:10.421 | SUCCESS  | __main__:api_devices:142 - K18251 已查詢到 區網(176)
2026-03-27 11:05:55.277 | INFO     | __main__:api_db_list:107 - K18251 正在進入網頁，正在拉取Sidebar資訊
2026-03-27 11:05:55.313 | INFO     | __main__:get_user_state:544 - K18251 正在讀取上輪狀態點擊紀錄
2026-03-27 11:05:55.327 | SUCCESS  | __main__:api_devices:124 - K18251 正在查詢 K25-8F 區網(176)
2026-03-27 11:05:55.332 | SUCCESS  | __main__:api_devices:142 - K18251 已查詢到 區網(176)
2026-03-27 11:06:07.219 | INFO     | __main__:api_db_list:107 - K18251 正在進入網頁，正在拉取Sidebar資訊
2026-03-27 11:06:07.256 | INFO     | __main__:get_user_state:544 - K18251 正在讀取上輪狀態點擊紀錄
2026-03-27 11:06:07.271 | SUCCESS  | __main__:api_devices:124 - K18251 正在查詢 K25-8F 區網(176)
2026-03-27 11:06:07.275 | SUCCESS  | __main__:api_devices:142 - K18251 已查詢到 區網(176)
2026-03-27 11:06:21.806 | INFO     | __main__:api_db_list:107 - K18251 正在進入網頁，正在拉取Sidebar資訊
2026-03-27 11:06:21.847 | INFO     | __main__:get_user_state:544 - K18251 正在讀取上輪狀態點擊紀錄
2026-03-27 11:06:21.862 | SUCCESS  | __main__:api_devices:124 - K18251 正在查詢 K25-8F 區網(176)
2026-03-27 11:06:21.865 | SUCCESS  | __main__:api_devices:142 - K18251 已查詢到 區網(176)
2026-03-27 11:09:05.447 | INFO     | __main__:api_db_list:107 - K18251 正在進入網頁，正在拉取Sidebar資訊
2026-03-27 11:09:05.484 | INFO     | __main__:get_user_state:544 - K18251 正在讀取上輪狀態點擊紀錄
2026-03-27 11:09:05.497 | SUCCESS  | __main__:api_devices:124 - K18251 正在查詢 K25-8F 區網(176)
2026-03-27 11:09:05.503 | SUCCESS  | __main__:api_devices:142 - K18251 已查詢到 區網(176)
2026-03-27 11:09:41.879 | INFO     | __main__:api_db_list:107 - K18251 正在進入網頁，正在拉取Sidebar資訊
2026-03-27 11:09:41.927 | INFO     | __main__:get_user_state:544 - K18251 正在讀取上輪狀態點擊紀錄
2026-03-27 11:09:41.944 | SUCCESS  | __main__:api_devices:124 - K18251 正在查詢 K25-8F 區網(176)
2026-03-27 11:09:41.949 | SUCCESS  | __main__:api_devices:142 - K18251 已查詢到 區網(176)
2026-03-27 11:32:37.534 | INFO     | __main__:api_db_list:107 - K18251 正在進入網頁，正在拉取Sidebar資訊
2026-03-27 11:32:37.571 | INFO     | __main__:get_user_state:544 - K18251 正在讀取上輪狀態點擊紀錄
2026-03-27 11:32:37.584 | SUCCESS  | __main__:api_devices:124 - K18251 正在查詢 K25-8F 區網(176)
2026-03-27 11:32:37.590 | SUCCESS  | __main__:api_devices:142 - K18251 已查詢到 區網(176)
2026-03-27 11:32:38.835 | INFO     | __main__:api_db_list:107 - K18251 正在進入網頁，正在拉取Sidebar資訊
2026-03-27 11:32:38.875 | INFO     | __main__:get_user_state:544 - K18251 正在讀取上輪狀態點擊紀錄
2026-03-27 11:32:38.889 | SUCCESS  | __main__:api_devices:124 - K18251 正在查詢 K25-8F 區網(176)
2026-03-27 11:32:38.893 | SUCCESS  | __main__:api_devices:142 - K18251 已查詢到 區網(176)
2026-03-27 11:33:41.698 | INFO     | __main__:api_db_list:107 - K18251 正在進入網頁，正在拉取Sidebar資訊
2026-03-27 11:33:41.743 | INFO     | __main__:get_user_state:544 - K18251 正在讀取上輪狀態點擊紀錄
2026-03-27 11:33:41.757 | SUCCESS  | __main__:api_devices:124 - K18251 正在查詢 K25-8F 區網(176)
2026-03-27 11:33:41.762 | SUCCESS  | __main__:api_devices:142 - K18251 已查詢到 區網(176)
2026-03-27 11:33:51.661 | INFO     | __main__:api_db_list:107 - K18251 正在進入網頁，正在拉取Sidebar資訊
2026-03-27 11:33:51.701 | INFO     | __main__:get_user_state:544 - K18251 正在讀取上輪狀態點擊紀錄
2026-03-27 11:33:51.715 | SUCCESS  | __main__:api_devices:124 - K18251 正在查詢 K25-8F 區網(176)
2026-03-27 11:33:51.720 | SUCCESS  | __main__:api_devices:142 - K18251 已查詢到 區網(176)
2026-03-27 11:34:23.500 | INFO     | __main__:api_db_list:107 - K18251 正在進入網頁，正在拉取Sidebar資訊
2026-03-27 11:34:23.543 | INFO     | __main__:get_user_state:544 - K18251 正在讀取上輪狀態點擊紀錄
2026-03-27 11:34:23.557 | SUCCESS  | __main__:api_devices:124 - K18251 正在查詢 K25-8F 區網(176)
2026-03-27 11:34:23.562 | SUCCESS  | __main__:api_devices:142 - K18251 已查詢到 區網(176)
2026-03-27 11:34:32.001 | INFO     | __main__:api_db_list:107 - K18251 正在進入網頁，正在拉取Sidebar資訊
2026-03-27 11:34:32.042 | INFO     | __main__:get_user_state:544 - K18251 正在讀取上輪狀態點擊紀錄
2026-03-27 11:34:32.055 | SUCCESS  | __main__:api_devices:124 - K18251 正在查詢 K25-8F 區網(176)
2026-03-27 11:34:32.060 | SUCCESS  | __main__:api_devices:142 - K18251 已查詢到 區網(176)
2026-03-27 11:34:34.533 | SUCCESS  | __main__:api_devices:124 - K18251 正在查詢 K11-4F 區網(35)
2026-03-27 11:34:34.539 | SUCCESS  | __main__:api_devices:142 - K18251 已查詢到 區網(35)
2026-03-27 11:34:35.509 | SUCCESS  | __main__:api_devices:124 - K18251 正在查詢 K25-8F 區網(176)
2026-03-27 11:34:35.514 | SUCCESS  | __main__:api_devices:142 - K18251 已查詢到 區網(176)
2026-03-27 11:39:02.703 | INFO     | __main__:api_db_list:107 - K18251 正在進入網頁，正在拉取Sidebar資訊
2026-03-27 11:39:02.743 | INFO     | __main__:get_user_state:544 - K18251 正在讀取上輪狀態點擊紀錄
2026-03-27 11:39:02.757 | SUCCESS  | __main__:api_devices:124 - K18251 正在查詢 K25-8F 區網(176)
2026-03-27 11:39:02.763 | SUCCESS  | __main__:api_devices:142 - K18251 已查詢到 區網(176)
2026-03-27 11:39:18.307 | SUCCESS  | __main__:api_devices:124 - K18251 正在查詢 K11-4F 區網(35)
2026-03-27 11:39:18.313 | SUCCESS  | __main__:api_devices:142 - K18251 已查詢到 區網(35)
2026-03-27 11:39:20.100 | SUCCESS  | __main__:api_devices:124 - K18251 正在查詢 K25-8F 區網(176)
2026-03-27 11:39:20.105 | SUCCESS  | __main__:api_devices:142 - K18251 已查詢到 區網(176)
2026-03-27 15:51:32.996 | INFO     | __main__:api_db_list:108 - K18251 正在進入網頁，正在拉取Sidebar資訊
2026-03-27 15:51:33.034 | INFO     | __main__:get_user_state:545 - K18251 正在讀取上輪狀態點擊紀錄
2026-03-27 15:51:33.050 | SUCCESS  | __main__:api_devices:125 - K18251 正在查詢 K25-8F 區網(176)
2026-03-27 15:51:33.058 | SUCCESS  | __main__:api_devices:143 - K18251 已查詢到 區網(176)
2026-03-27 15:51:34.351 | SUCCESS  | __main__:api_devices:125 - K18251 正在查詢 K11-4F 區網(35)
2026-03-27 15:51:34.358 | SUCCESS  | __main__:api_devices:143 - K18251 已查詢到 區網(35)
2026-03-30 10:35:51.563 | INFO     | __main__:api_db_list:108 - K18251 正在進入網頁，正在拉取Sidebar資訊
2026-03-30 10:35:51.605 | INFO     | __main__:get_user_state:545 - K18251 正在讀取上輪狀態點擊紀錄
2026-03-30 10:35:51.618 | SUCCESS  | __main__:api_devices:125 - K18251 正在查詢 K11-4F 區網(35)
2026-03-30 10:35:51.624 | SUCCESS  | __main__:api_devices:143 - K18251 已查詢到 區網(35)
2026-03-30 10:37:26.650 | INFO     | __main__:api_db_list:108 - K18251 正在進入網頁，正在拉取Sidebar資訊
2026-03-30 10:37:26.689 | INFO     | __main__:get_user_state:545 - K18251 正在讀取上輪狀態點擊紀錄
2026-03-30 10:37:26.703 | SUCCESS  | __main__:api_devices:125 - K18251 正在查詢 K11-4F 區網(35)
2026-03-30 10:37:26.708 | SUCCESS  | __main__:api_devices:143 - K18251 已查詢到 區網(35)
2026-03-30 10:37:29.155 | SUCCESS  | __main__:api_devices:125 - K18251 正在查詢 K25-8F 區網(176)
2026-03-30 10:37:29.162 | SUCCESS  | __main__:api_devices:143 - K18251 已查詢到 區網(176)
2026-03-30 10:37:34.204 | INFO     | __main__:api_db_list:108 - K18251 正在進入網頁，正在拉取Sidebar資訊
2026-03-30 10:37:34.247 | INFO     | __main__:get_user_state:545 - K18251 正在讀取上輪狀態點擊紀錄
2026-03-30 10:37:34.258 | SUCCESS  | __main__:api_devices:125 - K18251 正在查詢 K25-8F 區網(176)
2026-03-30 10:37:34.264 | SUCCESS  | __main__:api_devices:143 - K18251 已查詢到 區網(176)
2026-03-30 10:37:38.274 | SUCCESS  | __main__:api_devices:125 - K18251 正在查詢 K11-4F 區網(35)
2026-03-30 10:37:38.281 | SUCCESS  | __main__:api_devices:143 - K18251 已查詢到 區網(35)
2026-03-30 10:37:43.715 | SUCCESS  | __main__:api_devices:125 - K18251 正在查詢 K25-8F 區網(176)
2026-03-30 10:37:43.720 | SUCCESS  | __main__:api_devices:143 - K18251 已查詢到 區網(176)
2026-03-30 10:37:44.482 | SUCCESS  | __main__:api_devices:125 - K18251 正在查詢 K11-4F 區網(35)
2026-03-30 10:37:44.488 | SUCCESS  | __main__:api_devices:143 - K18251 已查詢到 區網(35)
2026-03-30 10:40:44.425 | INFO     | __main__:api_db_list:108 - K18251 正在進入網頁，正在拉取Sidebar資訊
2026-03-30 10:40:44.461 | INFO     | __main__:get_user_state:545 - K18251 正在讀取上輪狀態點擊紀錄
2026-03-30 10:40:44.474 | SUCCESS  | __main__:api_devices:125 - K18251 正在查詢 K11-4F 區網(35)
2026-03-30 10:40:44.480 | SUCCESS  | __main__:api_devices:143 - K18251 已查詢到 區網(35)
2026-03-30 11:10:05.722 | INFO     | __main__:api_db_list:108 - K18251 正在進入網頁，正在拉取Sidebar資訊
2026-03-30 11:10:05.762 | INFO     | __main__:get_user_state:545 - K18251 正在讀取上輪狀態點擊紀錄
2026-03-30 11:10:05.774 | SUCCESS  | __main__:api_devices:125 - K18251 正在查詢 K11-4F 區網(35)
2026-03-30 11:10:05.786 | SUCCESS  | __main__:api_devices:143 - K18251 已查詢到 區網(35)
2026-03-30 11:10:08.936 | SUCCESS  | __main__:api_devices:125 - K18251 正在查詢 K11-3F 區網(30)
2026-03-30 11:10:08.941 | SUCCESS  | __main__:api_devices:143 - K18251 已查詢到 區網(30)
2026-03-30 11:10:32.519 | INFO     | __main__:api_db_list:108 - K18251 正在進入網頁，正在拉取Sidebar資訊
2026-03-30 11:10:32.559 | INFO     | __main__:get_user_state:545 - K18251 正在讀取上輪狀態點擊紀錄
2026-03-30 11:10:32.573 | SUCCESS  | __main__:api_devices:125 - K18251 正在查詢 K11-3F 區網(30)
2026-03-30 11:10:32.578 | SUCCESS  | __main__:api_devices:143 - K18251 已查詢到 區網(30)
2026-03-30 11:28:49.459 | INFO     | __main__:api_db_list:115 - K18251 正在進入網頁，正在拉取Sidebar資訊
2026-03-30 11:28:49.497 | INFO     | __main__:get_user_state:553 - K18251 正在讀取上輪狀態點擊紀錄
2026-03-30 11:28:49.507 | SUCCESS  | __main__:api_devices:133 - K18251 正在查詢 K11-3F 區網(30)
2026-03-30 11:28:49.513 | SUCCESS  | __main__:api_devices:151 - K18251 已查詢到 區網(30)
2026-03-30 11:28:50.518 | SUCCESS  | __main__:api_devices:133 - K18251 正在查詢 K11-3F 區網(28)
2026-03-30 11:28:50.523 | SUCCESS  | __main__:api_devices:151 - K18251 已查詢到 區網(28)
2026-03-30 11:28:51.188 | SUCCESS  | __main__:api_devices:133 - K18251 正在查詢 K11-3F 區網(29)
2026-03-30 11:28:51.193 | SUCCESS  | __main__:api_devices:151 - K18251 已查詢到 區網(29)
2026-03-30 11:28:53.037 | SUCCESS  | __main__:api_devices:133 - K18251 正在查詢 K11-3F 區網(30)
2026-03-30 11:28:53.045 | SUCCESS  | __main__:api_devices:151 - K18251 已查詢到 區網(30)
2026-03-30 11:28:53.707 | SUCCESS  | __main__:api_devices:133 - K18251 正在查詢 K11-3F 區網(29)
2026-03-30 11:28:53.713 | SUCCESS  | __main__:api_devices:151 - K18251 已查詢到 區網(29)
2026-03-30 11:28:54.145 | SUCCESS  | __main__:api_devices:133 - K18251 正在查詢 K11-3F 區網(28)
2026-03-30 11:28:54.150 | SUCCESS  | __main__:api_devices:151 - K18251 已查詢到 區網(28)
2026-03-30 11:28:54.726 | SUCCESS  | __main__:api_devices:133 - K18251 正在查詢 K11-3F 區網(27)
2026-03-30 11:28:54.731 | SUCCESS  | __main__:api_devices:151 - K18251 已查詢到 區網(27)
2026-03-30 11:28:55.117 | SUCCESS  | __main__:api_devices:133 - K18251 正在查詢 K11-3F 區網(28)
2026-03-30 11:28:55.124 | SUCCESS  | __main__:api_devices:151 - K18251 已查詢到 區網(28)
2026-03-30 11:28:55.562 | SUCCESS  | __main__:api_devices:133 - K18251 正在查詢 K11-3F 區網(29)
2026-03-30 11:28:55.567 | SUCCESS  | __main__:api_devices:151 - K18251 已查詢到 區網(29)
2026-03-30 11:29:02.537 | SUCCESS  | __main__:api_devices:133 - K18251 正在查詢 K11-3F 區網(30)
2026-03-30 11:29:02.544 | SUCCESS  | __main__:api_devices:151 - K18251 已查詢到 區網(30)
2026-03-30 11:29:03.442 | SUCCESS  | __main__:api_devices:133 - K18251 正在查詢 K11-3F 區網(29)
2026-03-30 11:29:03.448 | SUCCESS  | __main__:api_devices:151 - K18251 已查詢到 區網(29)
2026-03-30 11:29:04.832 | SUCCESS  | __main__:api_devices:133 - K18251 正在查詢 K11-3F 區網(28)
2026-03-30 11:29:04.836 | SUCCESS  | __main__:api_devices:151 - K18251 已查詢到 區網(28)
2026-03-30 11:29:06.177 | SUCCESS  | __main__:api_devices:133 - K18251 正在查詢 K11-3F 區網(27)
2026-03-30 11:29:06.182 | SUCCESS  | __main__:api_devices:151 - K18251 已查詢到 區網(27)
2026-03-30 11:29:12.223 | INFO     | __main__:api_db_list:115 - K18251 正在進入網頁，正在拉取Sidebar資訊
2026-03-30 11:29:12.259 | INFO     | __main__:get_user_state:553 - K18251 正在讀取上輪狀態點擊紀錄
2026-03-30 11:29:12.269 | SUCCESS  | __main__:api_devices:133 - K18251 正在查詢 K11-3F 區網(27)
2026-03-30 11:29:12.273 | SUCCESS  | __main__:api_devices:151 - K18251 已查詢到 區網(27)
2026-03-30 11:29:12.384 | INFO     | __main__:api_db_list:115 - K18251 正在進入網頁，正在拉取Sidebar資訊
2026-03-30 11:29:12.428 | INFO     | __main__:get_user_state:553 - K18251 正在讀取上輪狀態點擊紀錄
2026-03-30 11:29:12.437 | SUCCESS  | __main__:api_devices:133 - K18251 正在查詢 K11-3F 區網(27)
2026-03-30 11:29:12.441 | SUCCESS  | __main__:api_devices:151 - K18251 已查詢到 區網(27)
2026-03-30 11:29:12.551 | INFO     | __main__:api_db_list:115 - K18251 正在進入網頁，正在拉取Sidebar資訊
2026-03-30 11:29:12.592 | INFO     | __main__:get_user_state:553 - K18251 正在讀取上輪狀態點擊紀錄
2026-03-30 11:29:12.601 | SUCCESS  | __main__:api_devices:133 - K18251 正在查詢 K11-3F 區網(27)
2026-03-30 11:29:12.605 | SUCCESS  | __main__:api_devices:151 - K18251 已查詢到 區網(27)
2026-03-30 11:29:13.569 | SUCCESS  | __main__:api_devices:133 - K18251 正在查詢 K11-3F 區網(28)
2026-03-30 11:29:13.574 | SUCCESS  | __main__:api_devices:151 - K18251 已查詢到 區網(28)
2026-03-30 11:29:14.123 | SUCCESS  | __main__:api_devices:133 - K18251 正在查詢 K11-3F 區網(29)
2026-03-30 11:29:14.130 | SUCCESS  | __main__:api_devices:151 - K18251 已查詢到 區網(29)
2026-03-30 11:32:40.670 | INFO     | __main__:api_db_list:115 - K18251 正在進入網頁，正在拉取Sidebar資訊
2026-03-30 11:32:40.706 | INFO     | __main__:get_user_state:553 - K18251 正在讀取上輪狀態點擊紀錄
2026-03-30 11:32:40.722 | SUCCESS  | __main__:api_devices:133 - K18251 正在查詢 K11-3F 區網(29)
2026-03-30 11:32:40.728 | SUCCESS  | __main__:api_devices:151 - K18251 已查詢到 區網(29)
2026-03-30 11:32:41.013 | INFO     | __main__:api_db_list:115 - K18251 正在進入網頁，正在拉取Sidebar資訊
2026-03-30 11:32:41.052 | INFO     | __main__:get_user_state:553 - K18251 正在讀取上輪狀態點擊紀錄
2026-03-30 11:32:41.064 | SUCCESS  | __main__:api_devices:133 - K18251 正在查詢 K11-3F 區網(29)
2026-03-30 11:32:41.069 | SUCCESS  | __main__:api_devices:151 - K18251 已查詢到 區網(29)
2026-03-30 11:32:47.679 | INFO     | __main__:api_db_list:115 - K18251 正在進入網頁，正在拉取Sidebar資訊
2026-03-30 11:32:47.728 | INFO     | __main__:get_user_state:553 - K18251 正在讀取上輪狀態點擊紀錄
2026-03-30 11:32:47.745 | SUCCESS  | __main__:api_devices:133 - K18251 正在查詢 K11-3F 區網(29)
2026-03-30 11:32:47.750 | SUCCESS  | __main__:api_devices:151 - K18251 已查詢到 區網(29)
2026-03-30 11:35:05.437 | INFO     | __main__:api_db_list:126 - K18251 正在進入網頁，正在拉取Sidebar資訊
2026-03-30 11:35:05.483 | INFO     | __main__:get_user_state:564 - K18251 正在讀取上輪狀態點擊紀錄
2026-03-30 11:35:05.494 | SUCCESS  | __main__:api_devices:144 - K18251 正在查詢 K11-3F 區網(29)
2026-03-30 11:35:05.494 | SUCCESS  | __main__:get_db_path:91 -   ✅ 匹配成功：K11-3F 區網(29).db
2026-03-30 11:35:05.500 | SUCCESS  | __main__:api_devices:162 - K18251 已查詢到 區網(29)
2026-03-30 11:35:07.078 | SUCCESS  | __main__:api_devices:144 - K18251 正在查詢 K11-3F 區網(30)
2026-03-30 11:35:07.078 | SUCCESS  | __main__:get_db_path:91 -   ✅ 匹配成功：K11-3F 區網(30).db
2026-03-30 11:35:07.082 | SUCCESS  | __main__:api_devices:162 - K18251 已查詢到 區網(30)
2026-03-30 11:35:08.845 | SUCCESS  | __main__:api_devices:144 - K18251 正在查詢 K11-3F 區網(28)
2026-03-30 11:35:08.846 | SUCCESS  | __main__:get_db_path:91 -   ✅ 匹配成功：K11-3F 區網(28).db
2026-03-30 11:35:08.850 | SUCCESS  | __main__:api_devices:162 - K18251 已查詢到 區網(28)
2026-03-30 11:35:10.878 | SUCCESS  | __main__:api_devices:144 - K18251 正在查詢 K11-3F 區網(27)
2026-03-30 11:35:10.878 | SUCCESS  | __main__:get_db_path:91 -   ✅ 匹配成功：K11-3F 區網(27).db
2026-03-30 11:35:10.883 | SUCCESS  | __main__:api_devices:162 - K18251 已查詢到 區網(27)
2026-03-30 11:35:12.862 | SUCCESS  | __main__:api_devices:144 - K18251 正在查詢 K11-4F 區網(35)
2026-03-30 11:35:12.862 | SUCCESS  | __main__:get_db_path:91 -   ✅ 匹配成功：K11-4F 區網(35).db
2026-03-30 11:35:12.866 | SUCCESS  | __main__:api_devices:162 - K18251 已查詢到 區網(35)
2026-03-30 11:35:15.134 | SUCCESS  | __main__:api_devices:144 - K18251 正在查詢 K25-8F 區網(176)
2026-03-30 11:35:15.134 | SUCCESS  | __main__:get_db_path:91 -   ✅ 匹配成功：K25-8F 區網(176).db
2026-03-30 11:35:15.139 | SUCCESS  | __main__:api_devices:162 - K18251 已查詢到 區網(176)
2026-03-31 11:08:32.980 | SUCCESS  | __main__:api_devices:144 - K18251 正在查詢 K11-3F 區網(28)
2026-03-31 11:08:32.980 | SUCCESS  | __main__:get_db_path:91 -   ✅ 匹配成功：K11-3F 區網(28).db
2026-03-31 11:08:32.985 | SUCCESS  | __main__:api_devices:162 - K18251 已查詢到 區網(28)
2026-03-31 11:08:33.972 | SUCCESS  | __main__:api_devices:144 - K18251 正在查詢 K11-3F 區網(29)
2026-03-31 11:08:33.972 | SUCCESS  | __main__:get_db_path:91 -   ✅ 匹配成功：K11-3F 區網(29).db
2026-03-31 11:08:33.978 | SUCCESS  | __main__:api_devices:162 - K18251 已查詢到 區網(29)
2026-03-31 11:08:34.970 | SUCCESS  | __main__:api_devices:144 - K18251 正在查詢 K11-3F 區網(27)
2026-03-31 11:08:34.971 | SUCCESS  | __main__:get_db_path:91 -   ✅ 匹配成功：K11-3F 區網(27).db
2026-03-31 11:08:34.977 | SUCCESS  | __main__:api_devices:162 - K18251 已查詢到 區網(27)
2026-03-31 11:08:37.516 | SUCCESS  | __main__:api_devices:144 - K18251 正在查詢 K11-3F 區網(30)
2026-03-31 11:08:37.517 | SUCCESS  | __main__:get_db_path:91 -   ✅ 匹配成功：K11-3F 區網(30).db
2026-03-31 11:08:37.523 | SUCCESS  | __main__:api_devices:162 - K18251 已查詢到 區網(30)
2026-03-31 11:09:41.705 | INFO     | __main__:api_db_list:126 - K18251 正在進入網頁，正在拉取Sidebar資訊
2026-03-31 11:09:41.749 | INFO     | __main__:get_user_state:564 - K18251 正在讀取上輪狀態點擊紀錄
2026-03-31 11:09:41.759 | SUCCESS  | __main__:api_devices:144 - K18251 正在查詢 K11-3F 區網(30)
2026-03-31 11:09:41.759 | SUCCESS  | __main__:get_db_path:91 -   ✅ 匹配成功：K11-3F 區網(30).db
2026-03-31 11:09:41.764 | SUCCESS  | __main__:api_devices:162 - K18251 已查詢到 區網(30)
2026-03-31 11:09:43.537 | SUCCESS  | __main__:api_devices:144 - K18251 正在查詢 K11-3F 區網(27)
2026-03-31 11:09:43.537 | SUCCESS  | __main__:get_db_path:91 -   ✅ 匹配成功：K11-3F 區網(27).db
2026-03-31 11:09:43.541 | SUCCESS  | __main__:api_devices:162 - K18251 已查詢到 區網(27)
2026-03-31 11:09:43.835 | INFO     | __main__:save_user_state:539 - K18251 save_user_state 的狀態儲存
2026-03-31 11:09:43.986 | SUCCESS  | __main__:api_devices:144 - K18251 正在查詢 K11-3F 區網(29)
2026-03-31 11:09:43.986 | SUCCESS  | __main__:get_db_path:91 -   ✅ 匹配成功：K11-3F 區網(29).db
2026-03-31 11:09:43.990 | SUCCESS  | __main__:api_devices:162 - K18251 已查詢到 區網(29)
2026-03-31 11:09:44.280 | INFO     | __main__:save_user_state:539 - K18251 save_user_state 的狀態儲存
2026-03-31 11:09:46.643 | SUCCESS  | __main__:api_devices:144 - K18251 正在查詢 K11-3F 區網(30)
2026-03-31 11:09:46.644 | SUCCESS  | __main__:get_db_path:91 -   ✅ 匹配成功：K11-3F 區網(30).db
2026-03-31 11:09:46.649 | SUCCESS  | __main__:api_devices:162 - K18251 已查詢到 區網(30)
2026-03-31 11:09:46.946 | INFO     | __main__:save_user_state:539 - K18251 save_user_state 的狀態儲存
2026-03-31 11:09:54.005 | INFO     | __main__:api_db_list:126 - K18251 正在進入網頁，正在拉取Sidebar資訊
2026-03-31 11:09:54.047 | INFO     | __main__:get_user_state:564 - K18251 正在讀取上輪狀態點擊紀錄
2026-03-31 11:09:54.056 | SUCCESS  | __main__:api_devices:144 - K18251 正在查詢 K11-3F 區網(30)
2026-03-31 11:09:54.057 | SUCCESS  | __main__:get_db_path:91 -   ✅ 匹配成功：K11-3F 區網(30).db
2026-03-31 11:09:54.061 | SUCCESS  | __main__:api_devices:162 - K18251 已查詢到 區網(30)
2026-03-31 11:09:55.039 | SUCCESS  | __main__:api_devices:144 - K18251 正在查詢 K25-8F 區網(176)
2026-03-31 11:09:55.039 | SUCCESS  | __main__:get_db_path:91 -   ✅ 匹配成功：K25-8F 區網(176).db
2026-03-31 11:09:55.077 | SUCCESS  | __main__:api_devices:162 - K18251 已查詢到 區網(176)
2026-03-31 11:09:55.338 | INFO     | __main__:save_user_state:539 - K18251 || save_user_state 的狀態儲存
2026-03-31 11:09:56.656 | INFO     | __main__:save_user_state:539 - K18251 || save_user_state 的狀態儲存
2026-03-31 11:09:57.007 | SUCCESS  | __main__:api_devices:144 - K18251 正在查詢 K11-3F 區網(30)
2026-03-31 11:09:57.008 | SUCCESS  | __main__:get_db_path:91 -   ✅ 匹配成功：K11-3F 區網(30).db
2026-03-31 11:09:57.012 | SUCCESS  | __main__:api_devices:162 - K18251 已查詢到 區網(30)
2026-03-31 11:09:57.305 | INFO     | __main__:save_user_state:539 - K18251 || save_user_state 的狀態儲存
2026-03-31 11:10:08.952 | INFO     | __main__:api_db_list:126 - K18251 正在進入網頁，正在拉取Sidebar資訊
2026-03-31 11:10:08.992 | INFO     | __main__:get_user_state:564 - K18251 正在讀取上輪狀態點擊紀錄
2026-03-31 11:10:09.007 | SUCCESS  | __main__:api_devices:144 - K18251 正在查詢 K11-3F 區網(30)
2026-03-31 11:10:09.007 | SUCCESS  | __main__:get_db_path:91 -   ✅ 匹配成功：K11-3F 區網(30).db
2026-03-31 11:10:09.013 | SUCCESS  | __main__:api_devices:162 - K18251 已查詢到 區網(30)
2026-03-31 11:10:10.104 | INFO     | __main__:save_user_state:539 - username: K18251 save_user_state 的狀態儲存
2026-03-31 11:10:10.346 | SUCCESS  | __main__:api_devices:144 - K18251 正在查詢 K25-8F 區網(176)
2026-03-31 11:10:10.346 | SUCCESS  | __main__:get_db_path:91 -   ✅ 匹配成功：K25-8F 區網(176).db
2026-03-31 11:10:10.351 | SUCCESS  | __main__:api_devices:162 - K18251 已查詢到 區網(176)
2026-03-31 11:10:10.649 | INFO     | __main__:save_user_state:539 - username: K18251 save_user_state 的狀態儲存
2026-04-01 16:40:50.003 | INFO     | __main__:api_db_list:126 - K18251 正在進入網頁，正在拉取Sidebar資訊
2026-04-01 16:40:50.022 | INFO     | __main__:get_user_state:564 - K18251 正在讀取上輪狀態點擊紀錄
2026-04-01 16:40:50.035 | SUCCESS  | __main__:api_devices:144 - K18251 正在查詢 K25-8F 區網(176)
2026-04-01 16:40:50.035 | SUCCESS  | __main__:get_db_path:91 -   ✅ 匹配成功：K25-8F 區網(176).db
2026-04-01 16:40:50.073 | SUCCESS  | __main__:api_devices:162 - K18251 已查詢到 區網(176)
2026-04-01 16:41:07.448 | INFO     | __main__:update_device:261 - 接收到來自K18251 的更改資訊如下：{"COM_Port": "", "Category": "EAP", "Device_Name": "", "IP_Source": "", "Internal_IP": "172.22.176.2", "Local": "K25-8F", "Machine_ID": "", "OS_Spec": "", "Online_Test": "", "Remark": "TEST", "Set_Time": "", "TCP_Port": "", "alive_or_dead": "dead", "所在區域": "", "歲修": "N", "site": "K25", "floor": "8F", "label": "區網(176)", "username": "K18251"}
2026-04-01 16:41:07.449 | SUCCESS  | __main__:get_db_path:94 -   ✅ 匹配成功 (無 label)：K25-8F 區網(176).db
2026-04-01 16:41:07.544 | INFO     | __main__:update_device:388 - K18251 IP=172.22.176.2 欄位變更共1項
2026-04-01 16:41:07.544 | INFO     | __main__:update_device:390 - [1] Remark:  → TEST
2026-04-01 16:41:07.619 | SUCCESS  | __main__:write_audit_log:230 - K18251 已修正 IP=172.22.176.2 
2026-04-01 16:41:07.620 | SUCCESS  | __main__:update_device:395 - K18251修改區網(176)的IP=172.22.176.2
2026-04-01 16:41:08.751 | SUCCESS  | __main__:api_devices:144 - K18251 正在查詢 K25-8F 區網(176)
2026-04-01 16:41:08.752 | SUCCESS  | __main__:get_db_path:91 -   ✅ 匹配成功：K25-8F 區網(176).db
2026-04-01 16:41:08.758 | SUCCESS  | __main__:api_devices:162 - K18251 已查詢到 區網(176)
2026-04-01 16:41:52.953 | INFO     | __main__:api_db_list:126 - K18251 正在進入網頁，正在拉取Sidebar資訊
2026-04-01 16:41:52.994 | INFO     | __main__:get_user_state:564 - K18251 正在讀取上輪狀態點擊紀錄
2026-04-01 16:41:53.004 | SUCCESS  | __main__:api_devices:144 - K18251 正在查詢 K25-8F 區網(176)
2026-04-01 16:41:53.004 | SUCCESS  | __main__:get_db_path:91 -   ✅ 匹配成功：K25-8F 區網(176).db
2026-04-01 16:41:53.009 | SUCCESS  | __main__:api_devices:162 - K18251 已查詢到 區網(176)
2026-04-01 16:41:54.453 | SUCCESS  | __main__:api_devices:144 - K18251 正在查詢 K11-3F 區網(29)
2026-04-01 16:41:54.454 | SUCCESS  | __main__:get_db_path:91 -   ✅ 匹配成功：K11-3F 區網(29).db
2026-04-01 16:41:54.461 | SUCCESS  | __main__:api_devices:162 - K18251 已查詢到 區網(29)
2026-04-01 16:41:54.750 | INFO     | __main__:save_user_state:539 - username: K18251 save_user_state 的狀態儲存
2026-04-01 16:42:37.916 | INFO     | __main__:save_user_state:539 - username: K18251 save_user_state 的狀態儲存
2026-04-01 16:42:38.390 | INFO     | __main__:save_user_state:539 - username: K18251 save_user_state 的狀態儲存
2026-04-01 16:43:02.242 | INFO     | __main__:save_user_state:539 - username: K18251 save_user_state 的狀態儲存
2026-04-01 16:43:02.656 | INFO     | __main__:save_user_state:539 - username: K18251 save_user_state 的狀態儲存
2026-04-01 16:44:05.314 | INFO     | __main__:save_user_state:539 - username: K18251 save_user_state 的狀態儲存
2026-04-01 16:45:32.753 | INFO     | __main__:save_user_state:539 - username: K18251 save_user_state 的狀態儲存
2026-04-01 16:45:33.310 | INFO     | __main__:save_user_state:539 - username: K18251 save_user_state 的狀態儲存
2026-04-01 16:45:33.703 | INFO     | __main__:save_user_state:539 - username: K18251 save_user_state 的狀態儲存
2026-04-01 16:45:34.453 | INFO     | __main__:save_user_state:539 - username: K18251 save_user_state 的狀態儲存
2026-04-01 16:45:35.297 | INFO     | __main__:save_user_state:539 - username: K18251 save_user_state 的狀態儲存
2026-04-01 16:46:07.388 | INFO     | __main__:add_network:706 - K18251 已建立 K22-10F 區網(88).db 這個新DB,為 K22-10F，為 172.22.88.1,預計 EAP數量: 40,EQP數量:199,Switch數量:15
2026-04-01 16:46:07.389 | INFO     | __main__:invalidate_search_cache:787 - 🗑️ search.db cache 已清除，下次搜尋將重建
2026-04-01 16:46:07.400 | INFO     | __main__:api_db_list:126 - K18251 正在進入網頁，正在拉取Sidebar資訊
2026-04-01 16:46:09.150 | SUCCESS  | __main__:api_devices:144 - K18251 正在查詢 K11-4F 區網(35)
2026-04-01 16:46:09.150 | SUCCESS  | __main__:get_db_path:91 -   ✅ 匹配成功：K11-4F 區網(35).db
2026-04-01 16:46:09.159 | SUCCESS  | __main__:api_devices:162 - K18251 已查詢到 區網(35)
2026-04-01 16:46:09.450 | INFO     | __main__:save_user_state:539 - username: K18251 save_user_state 的狀態儲存
2026-04-01 16:46:11.430 | INFO     | __main__:api_db_list:126 - K18251 正在進入網頁，正在拉取Sidebar資訊
2026-04-01 16:46:11.461 | INFO     | __main__:get_user_state:564 - K18251 正在讀取上輪狀態點擊紀錄
2026-04-01 16:46:11.471 | SUCCESS  | __main__:api_devices:144 - K18251 正在查詢 K11-4F 區網(35)
2026-04-01 16:46:11.472 | SUCCESS  | __main__:get_db_path:91 -   ✅ 匹配成功：K11-4F 區網(35).db
2026-04-01 16:46:11.477 | SUCCESS  | __main__:api_devices:162 - K18251 已查詢到 區網(35)
2026-04-01 16:46:31.075 | INFO     | __main__:api_db_list:126 - K18251 正在進入網頁，正在拉取Sidebar資訊
2026-04-01 16:46:31.116 | INFO     | __main__:get_user_state:564 - K18251 正在讀取上輪狀態點擊紀錄
2026-04-01 16:46:31.125 | SUCCESS  | __main__:api_devices:144 - K18251 正在查詢 K11-4F 區網(35)
2026-04-01 16:46:31.125 | SUCCESS  | __main__:get_db_path:91 -   ✅ 匹配成功：K11-4F 區網(35).db
2026-04-01 16:46:31.131 | SUCCESS  | __main__:api_devices:162 - K18251 已查詢到 區網(35)
2026-04-01 16:46:32.402 | INFO     | __main__:save_user_state:539 - username: K18251 save_user_state 的狀態儲存
2026-04-01 16:46:33.605 | SUCCESS  | __main__:api_devices:144 - K18251 正在查詢 K22-10F 區網(88)
2026-04-01 16:46:33.606 | SUCCESS  | __main__:get_db_path:91 -   ✅ 匹配成功：K22-10F 區網(88).db
2026-04-01 16:46:33.611 | SUCCESS  | __main__:api_devices:162 - K18251 已查詢到 區網(88)
2026-04-01 16:46:33.907 | INFO     | __main__:save_user_state:539 - username: K18251 save_user_state 的狀態儲存
2026-04-01 16:47:12.304 | INFO     | __main__:save_user_state:539 - username: K18251 save_user_state 的狀態儲存
2026-04-01 16:47:32.823 | SUCCESS  | __main__:api_devices:144 - K18251 正在查詢 K11-4F 區網(35)
2026-04-01 16:47:32.824 | SUCCESS  | __main__:get_db_path:91 -   ✅ 匹配成功：K11-4F 區網(35).db
2026-04-01 16:47:32.829 | SUCCESS  | __main__:api_devices:162 - K18251 已查詢到 區網(35)
2026-09-15 19:57:08.069 | INFO     | __main__:authenticate_user:71 - User K18251 成功降落！！！
2026-09-15 19:57:08.401 | INFO     | __main__:api_db_list:184 - K18251 正在進入網頁，正在拉取Sidebar資訊
2026-09-15 19:57:08.480 | INFO     | __main__:get_user_state:509 - K18251 正在讀取上輪狀態點擊紀錄
2026-09-15 19:57:08.499 | SUCCESS  | __main__:api_devices:202 - K18251 正在查詢 K22-10F 區網(88)
2026-09-15 19:57:08.499 | WARNING  | __main__:get_csv_path:162 -   ❌ 未找到匹配的 CSV
2026-09-15 19:57:08.500 | WARNING  | __main__:api_devices:206 - ❌ CSV不存在
2026-09-15 20:01:39.141 | INFO     | __main__:api_db_list:184 - K18251 正在進入網頁，正在拉取Sidebar資訊
2026-09-15 20:01:39.191 | INFO     | __main__:get_user_state:509 - K18251 正在讀取上輪狀態點擊紀錄
2026-09-15 20:01:39.221 | SUCCESS  | __main__:api_devices:202 - K18251 正在查詢 K22-10F 區網(88)
2026-09-15 20:01:39.223 | WARNING  | __main__:get_csv_path:162 -   ❌ 未找到匹配的 CSV
2026-09-15 20:01:39.226 | WARNING  | __main__:api_devices:206 - ❌ CSV不存在
2026-09-15 20:02:08.865 | INFO     | __main__:api_db_list:184 - K18251 正在進入網頁，正在拉取Sidebar資訊
2026-09-15 20:02:08.896 | INFO     | __main__:get_user_state:509 - K18251 正在讀取上輪狀態點擊紀錄
2026-09-15 20:02:08.920 | SUCCESS  | __main__:api_devices:202 - K18251 正在查詢 K22-10F 區網(88)
2026-09-15 20:02:08.923 | WARNING  | __main__:get_csv_path:162 -   ❌ 未找到匹配的 CSV
2026-09-15 20:02:08.924 | WARNING  | __main__:api_devices:206 - ❌ CSV不存在
2026-09-15 20:02:13.394 | INFO     | __main__:api_db_list:184 - K18251 正在進入網頁，正在拉取Sidebar資訊
2026-09-15 20:02:13.421 | INFO     | __main__:get_user_state:509 - K18251 正在讀取上輪狀態點擊紀錄
2026-09-15 20:02:13.440 | SUCCESS  | __main__:api_devices:202 - K18251 正在查詢 K22-10F 區網(88)
2026-09-15 20:02:13.441 | WARNING  | __main__:get_csv_path:162 -   ❌ 未找到匹配的 CSV
2026-09-15 20:02:13.441 | WARNING  | __main__:api_devices:206 - ❌ CSV不存在
2026-09-15 20:02:13.791 | INFO     | __main__:api_db_list:184 - K18251 正在進入網頁，正在拉取Sidebar資訊
2026-09-15 20:02:13.815 | INFO     | __main__:get_user_state:509 - K18251 正在讀取上輪狀態點擊紀錄
2026-09-15 20:02:13.838 | SUCCESS  | __main__:api_devices:202 - K18251 正在查詢 K22-10F 區網(88)
2026-09-15 20:02:13.839 | WARNING  | __main__:get_csv_path:162 -   ❌ 未找到匹配的 CSV
2026-09-15 20:02:13.839 | WARNING  | __main__:api_devices:206 - ❌ CSV不存在
2026-09-15 20:02:40.818 | INFO     | __main__:api_db_list:184 - K18251 正在進入網頁，正在拉取Sidebar資訊
2026-09-15 20:02:40.838 | INFO     | __main__:get_user_state:509 - K18251 正在讀取上輪狀態點擊紀錄
2026-09-15 20:07:02.839 | INFO     | __main__:api_db_list:204 - K18251 正在進入網頁，正在拉取Sidebar資訊
2026-09-15 20:07:02.877 | INFO     | __main__:get_user_state:529 - K18251 正在讀取上輪狀態點擊紀錄
2026-09-15 20:07:10.694 | INFO     | __main__:api_db_list:204 - K18251 正在進入網頁，正在拉取Sidebar資訊
2026-09-15 20:07:10.734 | INFO     | __main__:get_user_state:529 - K18251 正在讀取上輪狀態點擊紀錄
2026-09-15 20:07:10.987 | INFO     | __main__:api_db_list:204 - K18251 正在進入網頁，正在拉取Sidebar資訊
2026-09-15 20:07:11.028 | INFO     | __main__:get_user_state:529 - K18251 正在讀取上輪狀態點擊紀錄
2026-09-15 20:10:20.060 | INFO     | __main__:api_db_list:220 - K18251 正在進入網頁，正在拉取Sidebar資訊
2026-09-15 20:10:20.088 | INFO     | __main__:get_user_state:544 - K18251 正在讀取上輪狀態點擊紀錄
2026-09-15 20:10:23.636 | INFO     | __main__:save_user_state:522 - username: K18251 save_user_state 的狀態儲存
2026-09-15 20:10:24.402 | INFO     | __main__:save_user_state:522 - username: K18251 save_user_state 的狀態儲存
2026-09-15 20:10:25.305 | INFO     | __main__:save_user_state:522 - username: K18251 save_user_state 的狀態儲存
2026-09-15 20:10:25.824 | INFO     | __main__:save_user_state:522 - username: K18251 save_user_state 的狀態儲存
2026-09-15 20:10:26.567 | INFO     | __main__:save_user_state:522 - username: K18251 save_user_state 的狀態儲存
2026-09-15 20:10:27.965 | INFO     | __main__:save_user_state:522 - username: K18251 save_user_state 的狀態儲存
2026-09-15 20:11:25.207 | INFO     | __main__:save_user_state:522 - username: K18251 save_user_state 的狀態儲存
2026-09-15 20:11:25.644 | INFO     | __main__:save_user_state:522 - username: K18251 save_user_state 的狀態儲存
2026-09-15 20:12:04.457 | INFO     | __main__:api_db_list:220 - K18251 正在進入網頁，正在拉取Sidebar資訊
2026-09-15 20:12:04.489 | INFO     | __main__:get_user_state:544 - K18251 正在讀取上輪狀態點擊紀錄
2026-09-15 20:12:05.521 | INFO     | __main__:save_user_state:522 - username: K18251 save_user_state 的狀態儲存
2026-09-15 20:12:05.885 | INFO     | __main__:save_user_state:522 - username: K18251 save_user_state 的狀態儲存
2026-09-15 20:12:13.795 | INFO     | __main__:api_db_list:220 - K18251 正在進入網頁，正在拉取Sidebar資訊
2026-09-15 20:12:13.814 | INFO     | __main__:get_user_state:544 - K18251 正在讀取上輪狀態點擊紀錄
2026-09-15 20:12:15.611 | INFO     | __main__:save_user_state:522 - username: K18251 save_user_state 的狀態儲存
2026-09-15 20:12:17.412 | INFO     | __main__:save_user_state:522 - username: K18251 save_user_state 的狀態儲存
2026-09-15 20:12:17.903 | INFO     | __main__:save_user_state:522 - username: K18251 save_user_state 的狀態儲存
2026-09-15 20:12:18.688 | INFO     | __main__:save_user_state:522 - username: K18251 save_user_state 的狀態儲存
2026-09-15 20:12:19.048 | INFO     | __main__:save_user_state:522 - username: K18251 save_user_state 的狀態儲存
2026-09-15 20:12:25.385 | INFO     | __main__:get_user_state:544 - K18251 正在讀取上輪狀態點擊紀錄
2026-09-15 20:18:46.396 | INFO     | __main__:api_db_list:220 - K18251 正在進入網頁，正在拉取Sidebar資訊
2026-09-15 20:18:46.429 | INFO     | __main__:get_user_state:544 - K18251 正在讀取上輪狀態點擊紀錄
2026-09-15 20:18:52.299 | INFO     | __main__:save_user_state:522 - username: K18251 save_user_state 的狀態儲存
2026-09-15 20:18:52.658 | INFO     | __main__:save_user_state:522 - username: K18251 save_user_state 的狀態儲存
2026-09-15 20:18:53.003 | INFO     | __main__:save_user_state:522 - username: K18251 save_user_state 的狀態儲存
2026-09-15 20:18:54.269 | INFO     | __main__:save_user_state:522 - username: K18251 save_user_state 的狀態儲存
2026-09-15 20:18:55.291 | INFO     | __main__:save_user_state:522 - username: K18251 save_user_state 的狀態儲存
2026-09-15 20:18:56.670 | INFO     | __main__:save_user_state:522 - username: K18251 save_user_state 的狀態儲存
2026-09-15 20:18:56.760 | SUCCESS  | __main__:api_devices:238 - K18251 正在查詢 K11-10F 區網(84)
2026-09-15 20:18:56.865 | SUCCESS  | __main__:api_devices:249 - K18251 已查詢到 區網(84)
2026-09-15 20:18:57.106 | INFO     | __main__:save_user_state:522 - username: K18251 save_user_state 的狀態儲存
2026-09-15 20:19:00.080 | INFO     | __main__:save_user_state:522 - username: K18251 save_user_state 的狀態儲存
2026-09-15 20:19:02.429 | INFO     | __main__:save_user_state:522 - username: K18251 save_user_state 的狀態儲存
2026-09-15 20:19:02.814 | INFO     | __main__:save_user_state:522 - username: K18251 save_user_state 的狀態儲存
2026-09-15 20:19:03.230 | INFO     | __main__:save_user_state:522 - username: K18251 save_user_state 的狀態儲存
2026-09-15 20:19:03.593 | INFO     | __main__:save_user_state:522 - username: K18251 save_user_state 的狀態儲存
2026-09-15 20:19:04.147 | INFO     | __main__:save_user_state:522 - username: K18251 save_user_state 的狀態儲存
2026-09-15 20:19:05.615 | INFO     | __main__:save_user_state:522 - username: K18251 save_user_state 的狀態儲存
2026-09-15 20:19:05.980 | INFO     | __main__:save_user_state:522 - username: K18251 save_user_state 的狀態儲存
2026-09-15 20:19:06.965 | INFO     | __main__:save_user_state:522 - username: K18251 save_user_state 的狀態儲存
2026-09-15 20:19:07.276 | INFO     | __main__:save_user_state:522 - username: K18251 save_user_state 的狀態儲存
2026-09-15 20:20:10.066 | INFO     | __main__:save_user_state:522 - username: K18251 save_user_state 的狀態儲存
2026-09-15 20:20:10.871 | INFO     | __main__:save_user_state:522 - username: K18251 save_user_state 的狀態儲存
2026-09-15 20:20:16.824 | INFO     | __main__:api_db_list:220 - K18251 正在進入網頁，正在拉取Sidebar資訊
2026-09-15 20:20:16.854 | INFO     | __main__:get_user_state:544 - K18251 正在讀取上輪狀態點擊紀錄
2026-09-15 20:20:16.881 | SUCCESS  | __main__:api_devices:238 - K18251 正在查詢 K11-10F 區網(84)
2026-09-15 20:20:16.934 | SUCCESS  | __main__:api_devices:249 - K18251 已查詢到 區網(84)
2026-09-15 20:44:37.978 | INFO     | __main__:save_user_state:522 - username: K18251 save_user_state 的狀態儲存
2026-09-15 20:44:38.762 | INFO     | __main__:save_user_state:522 - username: K18251 save_user_state 的狀態儲存
2026-09-15 20:49:02.887 | INFO     | __main__:api_db_list:224 - K18251 正在進入網頁，正在拉取Sidebar資訊
2026-09-15 20:49:02.910 | INFO     | __main__:get_user_state:548 - K18251 正在讀取上輪狀態點擊紀錄
2026-09-15 20:49:02.927 | SUCCESS  | __main__:api_devices:242 - K18251 正在查詢 K11-10F 區網(84)
2026-09-15 20:49:02.964 | SUCCESS  | __main__:api_devices:253 - K18251 已查詢到 區網(84)
2026-09-15 20:51:55.715 | INFO     | __main__:api_db_list:224 - K18251 正在進入網頁，正在拉取Sidebar資訊
2026-09-15 20:51:55.757 | INFO     | __main__:get_user_state:548 - K18251 正在讀取上輪狀態點擊紀錄
2026-09-15 20:51:55.793 | SUCCESS  | __main__:api_devices:242 - K18251 正在查詢 K11-10F 區網(84)
2026-09-15 20:51:55.927 | SUCCESS  | __main__:api_devices:253 - K18251 已查詢到 區網(84)
2026-09-15 20:57:05.935 | INFO     | __main__:api_db_list:224 - K18251 正在進入網頁，正在拉取Sidebar資訊
2026-09-15 20:57:05.967 | INFO     | __main__:get_user_state:548 - K18251 正在讀取上輪狀態點擊紀錄
2026-09-15 20:57:05.999 | SUCCESS  | __main__:api_devices:242 - K18251 正在查詢 K11-10F 區網(84)
2026-09-15 20:57:06.056 | SUCCESS  | __main__:api_devices:253 - K18251 已查詢到 區網(84)
2026-09-15 21:03:31.758 | INFO     | __main__:api_db_list:224 - K18251 正在進入網頁，正在拉取Sidebar資訊
2026-09-15 21:03:31.797 | INFO     | __main__:get_user_state:548 - K18251 正在讀取上輪狀態點擊紀錄
2026-09-15 21:03:31.839 | SUCCESS  | __main__:api_devices:242 - K18251 正在查詢 K11-10F 區網(84)
2026-09-15 21:03:31.904 | SUCCESS  | __main__:api_devices:253 - K18251 已查詢到 區網(84)
2026-09-15 21:06:15.207 | INFO     | __main__:api_db_list:224 - K18251 正在進入網頁，正在拉取Sidebar資訊
2026-09-15 21:06:15.226 | INFO     | __main__:get_user_state:548 - K18251 正在讀取上輪狀態點擊紀錄
2026-09-15 21:06:15.265 | SUCCESS  | __main__:api_devices:242 - K18251 正在查詢 K11-10F 區網(84)
2026-09-15 21:06:15.361 | SUCCESS  | __main__:api_devices:253 - K18251 已查詢到 區網(84)
2026-09-15 21:07:48.019 | INFO     | __main__:save_user_state:526 - username: K18251 save_user_state 的狀態儲存
2026-09-15 21:07:49.474 | INFO     | __main__:save_user_state:526 - username: K18251 save_user_state 的狀態儲存
2026-09-15 21:07:50.352 | INFO     | __main__:save_user_state:526 - username: K18251 save_user_state 的狀態儲存
2026-09-15 21:07:50.843 | INFO     | __main__:save_user_state:526 - username: K18251 save_user_state 的狀態儲存
2026-09-15 21:07:53.474 | INFO     | __main__:save_user_state:526 - username: K18251 save_user_state 的狀態儲存
2026-09-15 21:07:56.967 | INFO     | __main__:save_user_state:526 - username: K18251 save_user_state 的狀態儲存
2026-09-15 21:08:02.874 | INFO     | __main__:save_user_state:526 - username: K18251 save_user_state 的狀態儲存
2026-09-15 21:08:05.647 | INFO     | __main__:save_user_state:526 - username: K18251 save_user_state 的狀態儲存
2026-09-15 21:08:08.474 | INFO     | __main__:save_user_state:526 - username: K18251 save_user_state 的狀態儲存
2026-09-15 21:08:11.311 | INFO     | __main__:save_user_state:526 - username: K18251 save_user_state 的狀態儲存
2026-09-15 21:09:31.830 | INFO     | __main__:api_db_list:229 - K18251 正在進入網頁，正在拉取Sidebar資訊
2026-09-15 21:09:31.861 | INFO     | __main__:get_user_state:551 - K18251 正在讀取上輪狀態點擊紀錄
2026-09-15 21:09:31.899 | SUCCESS  | __main__:api_devices:248 - K18251 正在查詢 K11-10F 區網(84)
2026-09-15 21:09:31.920 | SUCCESS  | __main__:api_devices:259 - K18251 已查詢到 區網(84)
2026-09-15 21:09:36.387 | INFO     | __main__:save_user_state:529 - username: K18251 save_user_state 的狀態儲存
2026-09-15 21:09:36.688 | SUCCESS  | __main__:api_devices:248 - K18251 正在查詢 K11-8F 區網(67)
2026-09-15 21:09:36.784 | SUCCESS  | __main__:api_devices:259 - K18251 已查詢到 區網(67)
2026-09-15 21:09:37.042 | INFO     | __main__:save_user_state:529 - username: K18251 save_user_state 的狀態儲存
2026-09-15 21:09:37.919 | SUCCESS  | __main__:api_devices:248 - K18251 正在查詢 K11-8F 區網(68)
2026-09-15 21:09:38.009 | SUCCESS  | __main__:api_devices:259 - K18251 已查詢到 區網(68)
2026-09-15 21:09:38.278 | INFO     | __main__:save_user_state:529 - username: K18251 save_user_state 的狀態儲存
2026-09-15 21:09:39.120 | SUCCESS  | __main__:api_devices:248 - K18251 正在查詢 K11-8F 區網(69)
2026-09-15 21:09:39.217 | SUCCESS  | __main__:api_devices:259 - K18251 已查詢到 區網(69)
2026-09-15 21:09:39.485 | INFO     | __main__:save_user_state:529 - username: K18251 save_user_state 的狀態儲存
2026-09-15 21:09:40.803 | SUCCESS  | __main__:api_devices:248 - K18251 正在查詢 K11-8F 區網(70)
2026-09-15 21:09:40.904 | SUCCESS  | __main__:api_devices:259 - K18251 已查詢到 區網(70)
2026-09-15 21:09:41.157 | INFO     | __main__:save_user_state:529 - username: K18251 save_user_state 的狀態儲存
2026-09-15 21:25:30.749 | INFO     | __main__:api_db_list:229 - K18251 正在進入網頁，正在拉取Sidebar資訊
2026-09-15 21:25:30.767 | INFO     | __main__:get_user_state:551 - K18251 正在讀取上輪狀態點擊紀錄
2026-09-15 21:25:30.778 | SUCCESS  | __main__:api_devices:248 - K18251 正在查詢 K11-8F 區網(70)
2026-09-15 21:25:30.791 | SUCCESS  | __main__:api_devices:259 - K18251 已查詢到 區網(70)
2026-09-15 21:37:04.841 | INFO     | __main__:save_user_state:529 - username: K18251 save_user_state 的狀態儲存
2026-09-15 21:37:05.058 | SUCCESS  | __main__:api_devices:248 - K18251 正在查詢 K11-6F 區網(51)
2026-09-15 21:37:05.139 | SUCCESS  | __main__:api_devices:259 - K18251 已查詢到 區網(51)
2026-09-15 21:37:05.387 | INFO     | __main__:save_user_state:529 - username: K18251 save_user_state 的狀態儲存
2026-09-15 21:37:06.594 | INFO     | __main__:save_user_state:529 - username: K18251 save_user_state 的狀態儲存
2026-09-15 21:37:07.260 | INFO     | __main__:save_user_state:529 - username: K18251 save_user_state 的狀態儲存
2026-09-15 21:39:39.925 | INFO     | __main__:api_db_list:229 - K18251 正在進入網頁，正在拉取Sidebar資訊
2026-09-15 21:39:39.952 | INFO     | __main__:get_user_state:551 - K18251 正在讀取上輪狀態點擊紀錄
2026-09-15 21:39:39.974 | SUCCESS  | __main__:api_devices:248 - K18251 正在查詢 K11-6F 區網(51)
2026-09-15 21:39:40.045 | SUCCESS  | __main__:api_devices:259 - K18251 已查詢到 區網(51)
2026-09-15 21:39:41.631 | INFO     | __main__:save_user_state:529 - username: K18251 save_user_state 的狀態儲存
2026-09-15 21:39:41.778 | SUCCESS  | __main__:api_devices:248 - K18251 正在查詢 K11-7F 區網(59)
2026-09-15 21:39:41.879 | SUCCESS  | __main__:api_devices:259 - K18251 已查詢到 區網(59)
2026-09-15 21:39:42.118 | INFO     | __main__:save_user_state:529 - username: K18251 save_user_state 的狀態儲存
2026-09-15 21:39:42.848 | SUCCESS  | __main__:api_devices:248 - K18251 正在查詢 K11-7F 區網(60)
2026-09-15 21:39:42.939 | SUCCESS  | __main__:api_devices:259 - K18251 已查詢到 區網(60)
2026-09-15 21:39:43.188 | INFO     | __main__:save_user_state:529 - username: K18251 save_user_state 的狀態儲存
2026-09-15 21:39:44.680 | INFO     | __main__:save_user_state:529 - username: K18251 save_user_state 的狀態儲存
2026-09-15 21:39:45.448 | SUCCESS  | __main__:api_devices:248 - K18251 正在查詢 K11-7F 區網(59)
2026-09-15 21:39:45.511 | SUCCESS  | __main__:api_devices:259 - K18251 已查詢到 區網(59)
2026-09-15 21:39:45.791 | INFO     | __main__:save_user_state:529 - username: K18251 save_user_state 的狀態儲存
2026-09-15 21:39:46.978 | INFO     | __main__:save_user_state:529 - username: K18251 save_user_state 的狀態儲存
2026-09-15 21:39:47.332 | SUCCESS  | __main__:api_devices:248 - K18251 正在查詢 K11-7F 區網(59)
2026-09-15 21:39:47.390 | SUCCESS  | __main__:api_devices:259 - K18251 已查詢到 區網(59)
2026-09-15 21:39:47.654 | INFO     | __main__:save_user_state:529 - username: K18251 save_user_state 的狀態儲存
2026-09-15 21:42:15.173 | INFO     | __main__:api_db_list:229 - K18251 正在進入網頁，正在拉取Sidebar資訊
2026-09-15 21:42:15.194 | INFO     | __main__:get_user_state:551 - K18251 正在讀取上輪狀態點擊紀錄
2026-09-15 21:42:15.211 | SUCCESS  | __main__:api_devices:248 - K18251 正在查詢 K11-7F 區網(59)
2026-09-15 21:42:15.295 | SUCCESS  | __main__:api_devices:259 - K18251 已查詢到 區網(59)
2026-09-15 21:42:17.169 | SUCCESS  | __main__:api_devices:248 - K18251 正在查詢 K11-7F 區網(60)
2026-09-15 21:42:17.233 | SUCCESS  | __main__:api_devices:259 - K18251 已查詢到 區網(60)
2026-09-15 21:42:17.493 | INFO     | __main__:save_user_state:529 - username: K18251 save_user_state 的狀態儲存
2026-09-15 21:42:18.980 | SUCCESS  | __main__:api_devices:248 - K18251 正在查詢 K11-7F 區網(61)
2026-09-15 21:42:19.075 | SUCCESS  | __main__:api_devices:259 - K18251 已查詢到 區網(61)
2026-09-15 21:42:19.337 | INFO     | __main__:save_user_state:529 - username: K18251 save_user_state 的狀態儲存
2026-09-15 21:42:21.025 | SUCCESS  | __main__:api_devices:248 - K18251 正在查詢 K11-7F 區網(62)
2026-09-15 21:42:21.125 | SUCCESS  | __main__:api_devices:259 - K18251 已查詢到 區網(62)
2026-09-15 21:42:21.385 | INFO     | __main__:save_user_state:529 - username: K18251 save_user_state 的狀態儲存
2026-09-15 21:42:23.330 | SUCCESS  | __main__:api_devices:248 - K18251 正在查詢 K11-7F 區網(60)
2026-09-15 21:42:23.389 | SUCCESS  | __main__:api_devices:259 - K18251 已查詢到 區網(60)
2026-09-15 21:42:23.677 | INFO     | __main__:save_user_state:529 - username: K18251 save_user_state 的狀態儲存
2026-09-15 21:42:26.879 | INFO     | __main__:save_user_state:529 - username: K18251 save_user_state 的狀態儲存
2026-09-15 21:42:27.283 | SUCCESS  | __main__:api_devices:248 - K18251 正在查詢 K11-7F 區網(61)
2026-09-15 21:42:27.340 | SUCCESS  | __main__:api_devices:259 - K18251 已查詢到 區網(61)
2026-09-15 21:42:27.635 | INFO     | __main__:save_user_state:529 - username: K18251 save_user_state 的狀態儲存
2026-09-15 21:43:24.356 | INFO     | __main__:api_db_list:229 - K18251 正在進入網頁，正在拉取Sidebar資訊
2026-09-15 21:43:24.379 | INFO     | __main__:get_user_state:551 - K18251 正在讀取上輪狀態點擊紀錄
2026-09-15 21:43:24.398 | SUCCESS  | __main__:api_devices:248 - K18251 正在查詢 K11-7F 區網(61)
2026-09-15 21:43:24.460 | SUCCESS  | __main__:api_devices:259 - K18251 已查詢到 區網(61)
2026-09-15 21:43:25.832 | SUCCESS  | __main__:api_devices:248 - K18251 正在查詢 K11-7F 區網(59)
2026-09-15 21:43:25.889 | SUCCESS  | __main__:api_devices:259 - K18251 已查詢到 區網(59)
2026-09-15 21:43:26.151 | INFO     | __main__:save_user_state:529 - username: K18251 save_user_state 的狀態儲存
2026-09-15 21:43:27.303 | SUCCESS  | __main__:api_devices:248 - K18251 正在查詢 K11-7F 區網(60)
2026-09-15 21:43:27.360 | SUCCESS  | __main__:api_devices:259 - K18251 已查詢到 區網(60)
2026-09-15 21:43:27.648 | INFO     | __main__:save_user_state:529 - username: K18251 save_user_state 的狀態儲存
2026-09-15 21:43:30.769 | INFO     | __main__:save_user_state:529 - username: K18251 save_user_state 的狀態儲存
2026-09-15 21:43:31.344 | SUCCESS  | __main__:api_devices:248 - K18251 正在查詢 其他- 區網(10)
2026-09-15 21:43:31.455 | SUCCESS  | __main__:api_devices:259 - K18251 已查詢到 區網(10)
2026-09-15 21:43:31.698 | INFO     | __main__:save_user_state:529 - username: K18251 save_user_state 的狀態儲存
2026-09-15 21:43:56.916 | INFO     | __main__:save_user_state:529 - username: K18251 save_user_state 的狀態儲存
2026-09-15 21:44:01.020 | INFO     | __main__:save_user_state:529 - username: K18251 save_user_state 的狀態儲存
2026-09-15 21:44:02.331 | INFO     | __main__:save_user_state:529 - username: K18251 save_user_state 的狀態儲存
2026-09-15 21:44:02.842 | INFO     | __main__:save_user_state:529 - username: K18251 save_user_state 的狀態儲存
2026-09-15 21:44:03.530 | INFO     | __main__:save_user_state:529 - username: K18251 save_user_state 的狀態儲存
2026-09-15 21:47:15.539 | INFO     | __main__:api_db_list:229 - K18251 正在進入網頁，正在拉取Sidebar資訊
2026-09-15 21:47:15.557 | INFO     | __main__:get_user_state:551 - K18251 正在讀取上輪狀態點擊紀錄
2026-09-15 21:47:15.574 | SUCCESS  | __main__:api_devices:248 - K18251 正在查詢 其他- 區網(10)
2026-09-15 21:47:15.641 | SUCCESS  | __main__:api_devices:259 - K18251 已查詢到 區網(10)
2026-09-15 21:47:16.624 | SUCCESS  | __main__:api_devices:248 - K18251 正在查詢 K11-7F 區網(60)
2026-09-15 21:47:16.683 | SUCCESS  | __main__:api_devices:259 - K18251 已查詢到 區網(60)
2026-09-15 21:47:16.949 | INFO     | __main__:save_user_state:529 - username: K18251 save_user_state 的狀態儲存
2026-09-15 21:47:31.815 | INFO     | __main__:update_device:363 - 接收到來自K18251 的更改資訊如下：{"COM_Port": "", "Category": "EAP", "Device_Name": "", "File_Place": "K11\\7F\\K11-7F 區網(60).csv", "IP_Source": "", "Internal_IP": "172.21.60.13", "Local": "K11-7F", "Machine_ID": "", "OS_Spec": "", "Online_Test": "", "Remark": "", "Set_Time": "", "TCP_Port": "", "alive_or_dead": "dead", "所在區域(柱位)": "", "歲修": "Y", "site": "K11", "floor": "7F", "label": "區網(60)", "username": "K18251"}
2026-09-15 21:47:31.923 | INFO     | __main__:update_device:440 - K18251 IP=172.21.60.13 欄位變更共1項
2026-09-15 21:47:31.924 | INFO     | __main__:update_device:442 - [1] 歲修:  → Y
2026-09-15 21:47:31.947 | SUCCESS  | __main__:write_audit_log:335 - K18251 已修正 IP=172.21.60.13 
2026-09-15 21:47:31.951 | INFO     | __main__:invalidate_search_cache:689 - 🗑️ 搜尋快取已清除，下次搜尋將重建
2026-09-15 21:47:31.952 | SUCCESS  | __main__:update_device:447 - K18251修改區網(60)的IP=172.21.60.13
2026-09-15 21:47:34.902 | INFO     | __main__:update_device:363 - 接收到來自K18251 的更改資訊如下：{"COM_Port": "", "Category": "EAP", "Device_Name": "", "File_Place": "K11\\7F\\K11-7F 區網(60).csv", "IP_Source": "", "Internal_IP": "172.21.60.13", "Local": "K11-7F", "Machine_ID": "", "OS_Spec": "", "Online_Test": "", "Remark": "", "Set_Time": "", "TCP_Port": "", "alive_or_dead": "dead", "所在區域(柱位)": "", "歲修": "N", "site": "K11", "floor": "7F", "label": "區網(60)", "username": "K18251"}
2026-09-15 21:47:34.994 | INFO     | __main__:update_device:440 - K18251 IP=172.21.60.13 欄位變更共1項
2026-09-15 21:47:34.995 | INFO     | __main__:update_device:442 - [1] 歲修: Y → N
2026-09-15 21:47:35.039 | SUCCESS  | __main__:write_audit_log:335 - K18251 已修正 IP=172.21.60.13 
2026-09-15 21:47:35.041 | INFO     | __main__:invalidate_search_cache:689 - 🗑️ 搜尋快取已清除，下次搜尋將重建
2026-09-15 21:47:35.042 | SUCCESS  | __main__:update_device:447 - K18251修改區網(60)的IP=172.21.60.13
2026-09-15 21:47:41.406 | INFO     | __main__:update_device:363 - 接收到來自K18251 的更改資訊如下：{"COM_Port": "", "Category": "EAP", "Device_Name": "", "File_Place": "K11\\7F\\K11-7F 區網(60).csv", "IP_Source": "", "Internal_IP": "172.21.60.13", "Local": "K11-7F", "Machine_ID": "", "OS_Spec": "", "Online_Test": "", "Remark": "", "Set_Time": "2025/10/23", "TCP_Port": "", "alive_or_dead": "dead", "所在區域(柱位)": "", "歲修": "N", "site": "K11", "floor": "7F", "label": "區網(60)", "username": "K18251"}
2026-09-15 21:47:41.523 | INFO     | __main__:update_device:440 - K18251 IP=172.21.60.13 欄位變更共1項
2026-09-15 21:47:41.525 | INFO     | __main__:update_device:442 - [1] Set_Time:  → 2025/10/23
2026-09-15 21:47:41.575 | SUCCESS  | __main__:write_audit_log:335 - K18251 已修正 IP=172.21.60.13 
2026-09-15 21:47:41.575 | INFO     | __main__:invalidate_search_cache:689 - 🗑️ 搜尋快取已清除，下次搜尋將重建
2026-09-15 21:47:41.576 | SUCCESS  | __main__:update_device:447 - K18251修改區網(60)的IP=172.21.60.13
2026-09-15 21:47:42.925 | INFO     | __main__:update_device:363 - 接收到來自K18251 的更改資訊如下：{"COM_Port": "", "Category": "EAP", "Device_Name": "", "File_Place": "K11\\7F\\K11-7F 區網(60).csv", "IP_Source": "", "Internal_IP": "172.21.60.13", "Local": "K11-7F", "Machine_ID": "", "OS_Spec": "", "Online_Test": "", "Remark": "", "Set_Time": "", "TCP_Port": "", "alive_or_dead": "dead", "所在區域(柱位)": "", "歲修": "N", "site": "K11", "floor": "7F", "label": "區網(60)", "username": "K18251"}
2026-09-15 21:47:43.022 | INFO     | __main__:update_device:440 - K18251 IP=172.21.60.13 欄位變更共1項
2026-09-15 21:47:43.022 | INFO     | __main__:update_device:442 - [1] Set_Time: 2025/10/23 → 
2026-09-15 21:47:43.067 | SUCCESS  | __main__:write_audit_log:335 - K18251 已修正 IP=172.21.60.13 
2026-09-15 21:47:43.068 | INFO     | __main__:invalidate_search_cache:689 - 🗑️ 搜尋快取已清除，下次搜尋將重建
2026-09-15 21:47:43.068 | SUCCESS  | __main__:update_device:447 - K18251修改區網(60)的IP=172.21.60.13
2026-09-15 21:47:48.207 | INFO     | __main__:update_device:363 - 接收到來自K18251 的更改資訊如下：{"COM_Port": "", "Category": "EAP", "Device_Name": "", "File_Place": "K11\\7F\\K11-7F 區網(60).csv", "IP_Source": "", "Internal_IP": "172.21.60.13", "Local": "K11-7F", "Machine_ID": "", "OS_Spec": "", "Online_Test": "", "Remark": "", "Set_Time": "2023/03/68", "TCP_Port": "", "alive_or_dead": "dead", "所在區域(柱位)": "", "歲修": "N", "site": "K11", "floor": "7F", "label": "區網(60)", "username": "K18251"}
2026-09-15 21:47:48.304 | INFO     | __main__:update_device:440 - K18251 IP=172.21.60.13 欄位變更共1項
2026-09-15 21:47:48.305 | INFO     | __main__:update_device:442 - [1] Set_Time:  → 2023/03/68
2026-09-15 21:47:48.349 | SUCCESS  | __main__:write_audit_log:335 - K18251 已修正 IP=172.21.60.13 
2026-09-15 21:47:48.350 | INFO     | __main__:invalidate_search_cache:689 - 🗑️ 搜尋快取已清除，下次搜尋將重建
2026-09-15 21:47:48.351 | SUCCESS  | __main__:update_device:447 - K18251修改區網(60)的IP=172.21.60.13
2026-09-15 21:47:51.551 | INFO     | __main__:update_device:363 - 接收到來自K18251 的更改資訊如下：{"COM_Port": "", "Category": "EAP", "Device_Name": "", "File_Place": "K11\\7F\\K11-7F 區網(60).csv", "IP_Source": "", "Internal_IP": "172.21.60.13", "Local": "K11-7F", "Machine_ID": "", "OS_Spec": "", "Online_Test": "", "Remark": "", "Set_Time": "", "TCP_Port": "", "alive_or_dead": "dead", "所在區域(柱位)": "", "歲修": "N", "site": "K11", "floor": "7F", "label": "區網(60)", "username": "K18251"}
2026-09-15 21:47:51.658 | INFO     | __main__:update_device:440 - K18251 IP=172.21.60.13 欄位變更共1項
2026-09-15 21:47:51.659 | INFO     | __main__:update_device:442 - [1] Set_Time: 2023/03/68 → 
2026-09-15 21:47:51.704 | SUCCESS  | __main__:write_audit_log:335 - K18251 已修正 IP=172.21.60.13 
2026-09-15 21:47:51.705 | INFO     | __main__:invalidate_search_cache:689 - 🗑️ 搜尋快取已清除，下次搜尋將重建
2026-09-15 21:47:51.706 | SUCCESS  | __main__:update_device:447 - K18251修改區網(60)的IP=172.21.60.13
2026-09-15 21:48:17.181 | INFO     | __main__:api_db_list:229 - K18251 正在進入網頁，正在拉取Sidebar資訊
2026-09-15 21:48:17.205 | INFO     | __main__:get_user_state:551 - K18251 正在讀取上輪狀態點擊紀錄
2026-09-15 21:48:17.226 | SUCCESS  | __main__:api_devices:248 - K18251 正在查詢 K11-7F 區網(60)
2026-09-15 21:48:17.318 | SUCCESS  | __main__:api_devices:259 - K18251 已查詢到 區網(60)
2026-09-15 21:48:32.721 | INFO     | __main__:api_db_list:229 - K18251 正在進入網頁，正在拉取Sidebar資訊
2026-09-15 21:48:32.855 | INFO     | __main__:get_user_state:551 - K18251 正在讀取上輪狀態點擊紀錄
2026-09-15 21:48:32.877 | SUCCESS  | __main__:api_devices:248 - K18251 正在查詢 K11-7F 區網(60)
2026-09-15 21:48:32.897 | SUCCESS  | __main__:api_devices:259 - K18251 已查詢到 區網(60)
2026-09-15 21:48:36.474 | INFO     | __main__:api_db_list:229 - K18251 正在進入網頁，正在拉取Sidebar資訊
2026-09-15 21:48:36.608 | INFO     | __main__:get_user_state:551 - K18251 正在讀取上輪狀態點擊紀錄
2026-09-15 21:48:36.629 | SUCCESS  | __main__:api_devices:248 - K18251 正在查詢 K11-7F 區網(60)
2026-09-15 21:48:36.660 | SUCCESS  | __main__:api_devices:259 - K18251 已查詢到 區網(60)
